Loading weights:   0%|          | 0/338 [00:00<?, ?it/s]Loading weights:   0%|          | 1/338 [00:01<06:53,  1.23s/it]Loading weights:  41%|████      | 137/338 [00:01<00:01, 140.06it/s]Loading weights:  61%|██████    | 206/338 [00:01<00:00, 158.84it/s]Loading weights:  75%|███████▍  | 252/338 [00:01<00:00, 170.96it/s]Loading weights:  86%|████████▌ | 289/338 [00:02<00:00, 171.33it/s]Loading weights:  94%|█████████▍| 319/338 [00:02<00:00, 170.45it/s]Loading weights: 100%|██████████| 338/338 [00:02<00:00, 143.21it/s]
[sanity shard=1] saved=1 stream=1 method=full checkpoint=0
[sanity shard=1] saved=2 stream=1 method=full checkpoint=1
[sanity shard=1] saved=3 stream=1 method=full checkpoint=2
[sanity shard=1] saved=4 stream=1 method=streaming_llm checkpoint=0
[sanity shard=1] saved=5 stream=1 method=streaming_llm checkpoint=1
[sanity shard=1] saved=6 stream=1 method=streaming_llm checkpoint=2
[sanity shard=1] saved=7 stream=1 method=snapkv_unified checkpoint=0
[sanity shard=1] saved=8 stream=1 method=snapkv_unified checkpoint=1
[sanity shard=1] saved=9 stream=1 method=snapkv_unified checkpoint=2
[sanity shard=1] saved=10 stream=1 method=recency_hard_evict checkpoint=0
[sanity shard=1] saved=11 stream=1 method=recency_hard_evict checkpoint=1
[sanity shard=1] saved=12 stream=1 method=recency_hard_evict checkpoint=2
[sanity shard=1] saved=13 stream=1 method=centroid_merge checkpoint=0
[sanity shard=1] saved=14 stream=1 method=centroid_merge checkpoint=1
[sanity shard=1] saved=15 stream=1 method=centroid_merge checkpoint=2
[sanity shard=1] saved=16 stream=1 method=sr_kv checkpoint=0
[sanity shard=1] saved=17 stream=1 method=sr_kv checkpoint=1
[sanity shard=1] saved=18 stream=1 method=sr_kv checkpoint=2
[sanity shard=1] saved=19 stream=3 method=full checkpoint=0
[sanity shard=1] saved=20 stream=3 method=full checkpoint=1
[sanity shard=1] saved=21 stream=3 method=full checkpoint=2
[sanity shard=1] saved=22 stream=3 method=streaming_llm checkpoint=0
[sanity shard=1] saved=23 stream=3 method=streaming_llm checkpoint=1
[sanity shard=1] saved=24 stream=3 method=streaming_llm checkpoint=2
[sanity shard=1] saved=25 stream=3 method=snapkv_unified checkpoint=0
[sanity shard=1] saved=26 stream=3 method=snapkv_unified checkpoint=1
[sanity shard=1] saved=27 stream=3 method=snapkv_unified checkpoint=2
[sanity shard=1] saved=28 stream=3 method=recency_hard_evict checkpoint=0
[sanity shard=1] saved=29 stream=3 method=recency_hard_evict checkpoint=1
[sanity shard=1] saved=30 stream=3 method=recency_hard_evict checkpoint=2
[sanity shard=1] saved=31 stream=3 method=centroid_merge checkpoint=0
[sanity shard=1] saved=32 stream=3 method=centroid_merge checkpoint=1
[sanity shard=1] saved=33 stream=3 method=centroid_merge checkpoint=2
[sanity shard=1] saved=34 stream=3 method=sr_kv checkpoint=0
[sanity shard=1] saved=35 stream=3 method=sr_kv checkpoint=1
[sanity shard=1] saved=36 stream=3 method=sr_kv checkpoint=2
WORKER COMPLETE
