Collecting transformers==5.17.0
  Downloading transformers-5.17.0-py3-none-any.whl.metadata (32 kB)
Requirement already satisfied: huggingface-hub<2.0,>=1.5.0 in /usr/local/lib/python3.13/dist-packages (from transformers==5.17.0) (1.29.0)
Requirement already satisfied: numpy>=1.17 in /usr/local/lib/python3.13/dist-packages (from transformers==5.17.0) (2.1.3)
Requirement already satisfied: packaging>=20.0 in /usr/local/lib/python3.13/dist-packages (from transformers==5.17.0) (26.3)
Requirement already satisfied: pyyaml>=5.1 in /usr/local/lib/python3.13/dist-packages (from transformers==5.17.0) (6.0.3)
Requirement already satisfied: regex>=2025.10.22 in /usr/local/lib/python3.13/dist-packages (from transformers==5.17.0) (2025.11.3)
Requirement already satisfied: tokenizers<0.24.0,>=0.23.1 in /usr/local/lib/python3.13/dist-packages (from transformers==5.17.0) (0.23.1)
Requirement already satisfied: typer in /usr/local/lib/python3.13/dist-packages (from transformers==5.17.0) (0.27.2)
Requirement already satisfied: safetensors>=0.8.0 in /usr/local/lib/python3.13/dist-packages (from transformers==5.17.0) (0.8.0)
Requirement already satisfied: tqdm>=4.60 in /usr/local/lib/python3.13/dist-packages (from transformers==5.17.0) (4.67.3)
Requirement already satisfied: click<9.0.0,>=8.4.2 in /usr/local/lib/python3.13/dist-packages (from huggingface-hub<2.0,>=1.5.0->transformers==5.17.0) (8.5.0)
Requirement already satisfied: filelock>=3.10.0 in /usr/local/lib/python3.13/dist-packages (from huggingface-hub<2.0,>=1.5.0->transformers==5.17.0) (3.32.5)
Requirement already satisfied: fsspec>=2023.5.0 in /usr/local/lib/python3.13/dist-packages (from huggingface-hub<2.0,>=1.5.0->transformers==5.17.0) (2025.12.0)
Requirement already satisfied: hf-xet<2.0.0,>=1.5.2 in /usr/local/lib/python3.13/dist-packages (from huggingface-hub<2.0,>=1.5.0->transformers==5.17.0) (1.6.0)
Requirement already satisfied: httpx<1,>=0.23.0 in /usr/local/lib/python3.13/dist-packages (from huggingface-hub<2.0,>=1.5.0->transformers==5.17.0) (0.28.1)
Requirement already satisfied: typing-extensions>=4.1.0 in /usr/local/lib/python3.13/dist-packages (from huggingface-hub<2.0,>=1.5.0->transformers==5.17.0) (4.16.0)
Requirement already satisfied: shellingham>=1.3.0 in /usr/local/lib/python3.13/dist-packages (from typer->transformers==5.17.0) (1.5.4)
Requirement already satisfied: rich>=13.8.0 in /usr/local/lib/python3.13/dist-packages (from typer->transformers==5.17.0) (13.9.4)
Requirement already satisfied: annotated-doc>=0.0.2 in /usr/local/lib/python3.13/dist-packages (from typer->transformers==5.17.0) (0.0.5)
Requirement already satisfied: anyio in /usr/local/lib/python3.13/dist-packages (from httpx<1,>=0.23.0->huggingface-hub<2.0,>=1.5.0->transformers==5.17.0) (4.14.2)
Requirement already satisfied: certifi in /usr/local/lib/python3.13/dist-packages (from httpx<1,>=0.23.0->huggingface-hub<2.0,>=1.5.0->transformers==5.17.0) (2026.7.22)
Requirement already satisfied: httpcore==1.* in /usr/local/lib/python3.13/dist-packages (from httpx<1,>=0.23.0->huggingface-hub<2.0,>=1.5.0->transformers==5.17.0) (1.0.9)
Requirement already satisfied: idna in /usr/local/lib/python3.13/dist-packages (from httpx<1,>=0.23.0->huggingface-hub<2.0,>=1.5.0->transformers==5.17.0) (3.19)
Requirement already satisfied: h11>=0.16 in /usr/local/lib/python3.13/dist-packages (from httpcore==1.*->httpx<1,>=0.23.0->huggingface-hub<2.0,>=1.5.0->transformers==5.17.0) (0.16.0)
Requirement already satisfied: markdown-it-py>=2.2.0 in /usr/local/lib/python3.13/dist-packages (from rich>=13.8.0->typer->transformers==5.17.0) (4.2.0)
Requirement already satisfied: pygments<3.0.0,>=2.13.0 in /usr/local/lib/python3.13/dist-packages (from rich>=13.8.0->typer->transformers==5.17.0) (2.21.0)
Requirement already satisfied: mdurl~=0.1 in /usr/local/lib/python3.13/dist-packages (from markdown-it-py>=2.2.0->rich>=13.8.0->typer->transformers==5.17.0) (0.1.2)
Downloading transformers-5.17.0-py3-none-any.whl (12.3 MB)
   ━━━━━━━━━━━━━━━━━━━━━━━━━━━━━━━━━━━━━━━━ 12.3/12.3 MB 86.2 MB/s eta 0:00:00
Installing collected packages: transformers
  Attempting uninstall: transformers
    Found existing installation: transformers 5.16.1
    Not uninstalling transformers at /usr/local/lib/python3.13/dist-packages, outside environment /kaggle/working/srkv_incident_v1/.env
    Can't uninstall 'transformers'. No files were found to uninstall.
Successfully installed transformers-5.17.0
